------------------------------------------------------------
TimeQuest Timing Analyzer Summary
------------------------------------------------------------

Type  : Slow 1100mV 85C Model Setup 'CLOCK_50'
Slack : 4.207
TNS   : 0.000

Type  : Slow 1100mV 85C Model Setup 'altera_reserved_tck'
Slack : 5.440
TNS   : 0.000

Type  : Slow 1100mV 85C Model Setup 'HEX_Control:Hex_Control_inst|Generate_Arbitrary_Divided_Clk32:Gen_100Hz_clk|outclk'
Slack : 13.555
TNS   : 0.000

Type  : Slow 1100mV 85C Model Hold 'altera_reserved_tck'
Slack : 0.359
TNS   : 0.000

Type  : Slow 1100mV 85C Model Hold 'CLOCK_50'
Slack : 0.361
TNS   : 0.000

Type  : Slow 1100mV 85C Model Hold 'HEX_Control:Hex_Control_inst|Generate_Arbitrary_Divided_Clk32:Gen_100Hz_clk|outclk'
Slack : 2.704
TNS   : 0.000

Type  : Slow 1100mV 85C Model Recovery 'CLOCK_50'
Slack : 15.280
TNS   : 0.000

Type  : Slow 1100mV 85C Model Recovery 'altera_reserved_tck'
Slack : 26.667
TNS   : 0.000

Type  : Slow 1100mV 85C Model Removal 'altera_reserved_tck'
Slack : 0.820
TNS   : 0.000

Type  : Slow 1100mV 85C Model Removal 'CLOCK_50'
Slack : 2.362
TNS   : 0.000

Type  : Slow 1100mV 85C Model Minimum Pulse Width 'CLOCK_50'
Slack : 8.430
TNS   : 0.000

Type  : Slow 1100mV 85C Model Minimum Pulse Width 'altera_reserved_tck'
Slack : 15.659
TNS   : 0.000

Type  : Slow 1100mV 85C Model Minimum Pulse Width 'HEX_Control:Hex_Control_inst|Generate_Arbitrary_Divided_Clk32:Gen_100Hz_clk|outclk'
Slack : 19.342
TNS   : 0.000

Type  : Slow 1100mV 0C Model Setup 'CLOCK_50'
Slack : 4.514
TNS   : 0.000

Type  : Slow 1100mV 0C Model Setup 'altera_reserved_tck'
Slack : 5.720
TNS   : 0.000

Type  : Slow 1100mV 0C Model Setup 'HEX_Control:Hex_Control_inst|Generate_Arbitrary_Divided_Clk32:Gen_100Hz_clk|outclk'
Slack : 13.507
TNS   : 0.000

Type  : Slow 1100mV 0C Model Hold 'CLOCK_50'
Slack : 0.271
TNS   : 0.000

Type  : Slow 1100mV 0C Model Hold 'altera_reserved_tck'
Slack : 0.376
TNS   : 0.000

Type  : Slow 1100mV 0C Model Hold 'HEX_Control:Hex_Control_inst|Generate_Arbitrary_Divided_Clk32:Gen_100Hz_clk|outclk'
Slack : 2.819
TNS   : 0.000

Type  : Slow 1100mV 0C Model Recovery 'CLOCK_50'
Slack : 15.418
TNS   : 0.000

Type  : Slow 1100mV 0C Model Recovery 'altera_reserved_tck'
Slack : 26.867
TNS   : 0.000

Type  : Slow 1100mV 0C Model Removal 'altera_reserved_tck'
Slack : 0.772
TNS   : 0.000

Type  : Slow 1100mV 0C Model Removal 'CLOCK_50'
Slack : 2.245
TNS   : 0.000

Type  : Slow 1100mV 0C Model Minimum Pulse Width 'CLOCK_50'
Slack : 8.444
TNS   : 0.000

Type  : Slow 1100mV 0C Model Minimum Pulse Width 'altera_reserved_tck'
Slack : 15.644
TNS   : 0.000

Type  : Slow 1100mV 0C Model Minimum Pulse Width 'HEX_Control:Hex_Control_inst|Generate_Arbitrary_Divided_Clk32:Gen_100Hz_clk|outclk'
Slack : 19.337
TNS   : 0.000

Type  : Fast 1100mV 85C Model Setup 'CLOCK_50'
Slack : 9.387
TNS   : 0.000

Type  : Fast 1100mV 85C Model Setup 'altera_reserved_tck'
Slack : 9.821
TNS   : 0.000

Type  : Fast 1100mV 85C Model Setup 'HEX_Control:Hex_Control_inst|Generate_Arbitrary_Divided_Clk32:Gen_100Hz_clk|outclk'
Slack : 16.014
TNS   : 0.000

Type  : Fast 1100mV 85C Model Hold 'CLOCK_50'
Slack : 0.166
TNS   : 0.000

Type  : Fast 1100mV 85C Model Hold 'altera_reserved_tck'
Slack : 0.176
TNS   : 0.000

Type  : Fast 1100mV 85C Model Hold 'HEX_Control:Hex_Control_inst|Generate_Arbitrary_Divided_Clk32:Gen_100Hz_clk|outclk'
Slack : 1.329
TNS   : 0.000

Type  : Fast 1100mV 85C Model Recovery 'CLOCK_50'
Slack : 16.896
TNS   : 0.000

Type  : Fast 1100mV 85C Model Recovery 'altera_reserved_tck'
Slack : 28.690
TNS   : 0.000

Type  : Fast 1100mV 85C Model Removal 'altera_reserved_tck'
Slack : 0.455
TNS   : 0.000

Type  : Fast 1100mV 85C Model Removal 'CLOCK_50'
Slack : 1.388
TNS   : 0.000

Type  : Fast 1100mV 85C Model Minimum Pulse Width 'CLOCK_50'
Slack : 8.149
TNS   : 0.000

Type  : Fast 1100mV 85C Model Minimum Pulse Width 'altera_reserved_tck'
Slack : 15.283
TNS   : 0.000

Type  : Fast 1100mV 85C Model Minimum Pulse Width 'HEX_Control:Hex_Control_inst|Generate_Arbitrary_Divided_Clk32:Gen_100Hz_clk|outclk'
Slack : 19.572
TNS   : 0.000

Type  : Fast 1100mV 0C Model Setup 'CLOCK_50'
Slack : 10.592
TNS   : 0.000

Type  : Fast 1100mV 0C Model Setup 'altera_reserved_tck'
Slack : 10.609
TNS   : 0.000

Type  : Fast 1100mV 0C Model Setup 'HEX_Control:Hex_Control_inst|Generate_Arbitrary_Divided_Clk32:Gen_100Hz_clk|outclk'
Slack : 16.241
TNS   : 0.000

Type  : Fast 1100mV 0C Model Hold 'CLOCK_50'
Slack : 0.150
TNS   : 0.000

Type  : Fast 1100mV 0C Model Hold 'altera_reserved_tck'
Slack : 0.168
TNS   : 0.000

Type  : Fast 1100mV 0C Model Hold 'HEX_Control:Hex_Control_inst|Generate_Arbitrary_Divided_Clk32:Gen_100Hz_clk|outclk'
Slack : 1.285
TNS   : 0.000

Type  : Fast 1100mV 0C Model Recovery 'CLOCK_50'
Slack : 17.202
TNS   : 0.000

Type  : Fast 1100mV 0C Model Recovery 'altera_reserved_tck'
Slack : 29.246
TNS   : 0.000

Type  : Fast 1100mV 0C Model Removal 'altera_reserved_tck'
Slack : 0.407
TNS   : 0.000

Type  : Fast 1100mV 0C Model Removal 'CLOCK_50'
Slack : 1.242
TNS   : 0.000

Type  : Fast 1100mV 0C Model Minimum Pulse Width 'CLOCK_50'
Slack : 8.131
TNS   : 0.000

Type  : Fast 1100mV 0C Model Minimum Pulse Width 'altera_reserved_tck'
Slack : 15.260
TNS   : 0.000

Type  : Fast 1100mV 0C Model Minimum Pulse Width 'HEX_Control:Hex_Control_inst|Generate_Arbitrary_Divided_Clk32:Gen_100Hz_clk|outclk'
Slack : 19.587
TNS   : 0.000

------------------------------------------------------------
